2026-04-06 16:39:08,960 - INFO - 
======================================================================
2026-04-06 16:39:08,960 - INFO -     AUTOMATIZAÇÃO CSV → JIRA (MODO DRY-RUN)
2026-04-06 16:39:08,961 - INFO - ======================================================================
2026-04-06 16:39:08,961 - INFO - ⚠️  MODO DRY-RUN ATIVO: API não será chamada, apenas JSON será exibido
2026-04-06 16:39:08,962 - INFO - Conectando ao Jira: https://jira.bradesco.com.br:8443
2026-04-06 16:39:08,962 - INFO - Projeto: PLTFAT
2026-04-06 16:39:08,962 - INFO - Team configurado: DocMatch
2026-04-06 16:39:08,962 - INFO - Pasta CSV: issues
2026-04-06 16:39:08,963 - INFO - Configuração carregada de BulkCreate_configuration.txt
2026-04-06 16:39:08,963 - INFO - Projeto configurado: PLTFAT
2026-04-06 16:39:08,963 - INFO - 
Processando arquivos da pasta: issues
2026-04-06 16:39:08,964 - INFO - 📋 Arquivos template ignorados: 3
2026-04-06 16:39:08,964 - INFO -    ↳ template_issues.csv
2026-04-06 16:39:08,965 - INFO -    ↳ template_issues_completo.csv
2026-04-06 16:39:08,965 - INFO -    ↳ template_vazio.csv
2026-04-06 16:39:08,965 - INFO - Encontrados 1 arquivos .csv para processar
2026-04-06 16:39:08,965 - INFO - 
============================================================
2026-04-06 16:39:08,965 - INFO - Processando arquivo: [pltfat]_docmatch_-_import-jira_csv_RT2SP2_ritos.csv
2026-04-06 16:39:08,965 - INFO - ============================================================
2026-04-06 16:39:08,966 - INFO - Arquivo issues\[pltfat]_docmatch_-_import-jira_csv_RT2SP2_ritos.csv: 9 issues mapeadas
2026-04-06 16:39:08,966 - INFO - Preparando criação em lote de 9 issues
2026-04-06 16:39:08,967 - INFO - 📄 JSON salvo em: logs/bulk_payload_test_20260406_163908.json
2026-04-06 16:39:08,968 - INFO - 
======================================================================
2026-04-06 16:39:08,968 - INFO - 🔍 MODO DRY-RUN - JSON que seria enviado à API:
2026-04-06 16:39:08,969 - INFO - ======================================================================
2026-04-06 16:39:08,969 - INFO - 
======================================================================
2026-04-06 16:39:08,969 - INFO - 📊 Total de issues no payload: 9
2026-04-06 16:39:08,969 - INFO - ⚠️  API NÃO FOI CHAMADA (modo dry-run)
2026-04-06 16:39:08,970 - INFO - ======================================================================
2026-04-06 16:39:08,971 - INFO - 
📄 Relatório salvo em: issues/relatorio_processamento_csv.txt
2026-04-06 16:39:08,972 - INFO - 
======================================================================
2026-04-06 16:39:08,972 - INFO -     PROCESSAMENTO CONCLUÍDO
2026-04-06 16:39:08,973 - INFO - ======================================================================
2026-04-06 16:39:08,973 - INFO - Total de arquivos: 1
2026-04-06 16:39:08,973 - INFO - Issues criadas: 9
2026-04-06 16:39:08,974 - INFO - Erros: 0
